// Jest Snapshot v1, https://goo.gl/fbAQLP

exports[`Component: CartItem GENERAL should match a snapshot 1`] = `
<div class="container">
  <div class="thumbnailAndTitle">
    <div class="thumbnail"><img src="someUrl"></div>
    <div class="titleAndRemove">
      <div class="title">Water</div>
      <div role="button" remove="remove" class="remove">✕ Remove</div>
    </div>
  </div>
  <div class="quantity">
    <div class="quantityAmount">2</div><button decreasequantity="decreaseQuantity" class="quantityButton">-</button><button increasequantity="increaseQuantity" class="quantityButton">+</button>
  </div>
  <div class="priceAndTotal">
    <div>1,2 zł</div>
    <!---->
    <div><strong>2,4 zł</strong></div>
  </div>
</div>
`;
